// Jest Snapshot v1, https://goo.gl/fbAQLP

exports[`<ReturnNull /> should render 1`] = `null`;
